// Jest Snapshot v1, https://goo.gl/fbAQLP

exports[`Renders ActiveThumbnailWindow snapshot as expected 1`] = `
<div
  style={
    Object {
      "background": "#ddd",
      "display": "flex",
      "margin": "40px auto",
      "width": "1024px",
    }
  }
>
  <div
    style={
      Object {
        "flex": "1",
      }
    }
  >
    <img
      alt="Nothing to show"
      src="https://via.placeholder.com/600/92c952"
      style={
        Object {
          "height": "100%",
        }
      }
    />
  </div>
  <div
    style={
      Object {
        "flex": "1",
      }
    }
  >
    <h2
      style={
        Object {
          "color": "#92c952",
          "paddingLeft": "20px",
        }
      }
    >
      Image Id
    </h2>
    <p
      style={
        Object {
          "fontSize": "30px",
          "paddingLeft": "20px",
        }
      }
    >
      1
    </p>
    <h2
      style={
        Object {
          "color": "#92c952",
          "paddingLeft": "20px",
        }
      }
    >
      Album Id
    </h2>
    <p
      style={
        Object {
          "fontSize": "30px",
          "paddingLeft": "20px",
        }
      }
    >
      1
    </p>
    <h2
      style={
        Object {
          "color": "#92c952",
          "paddingLeft": "20px",
        }
      }
    >
      Image Description 
    </h2>
    <p
      style={
        Object {
          "fontSize": "30px",
          "paddingLeft": "20px",
        }
      }
    >
      accusamus beatae ad facilis cum similique qui sunt
    </p>
  </div>
</div>
`;

exports[`Renders ThumbnailGallery snapshot as expected 1`] = `null`;

exports[`Renders snapshot as expected 1`] = `null`;

exports[`Snapshot Testing Renders ThumbnailGallery snapshot as expected 1`] = `null`;
